[backblue.gif]
[fade.gif]
[index.html]
[www.eptc.church/feed/index.html]
[www.eptc.church/main/feed/index.html]
[www.eptc.church/comments/feed/index.html]
[www.eptc.church/wp-content/plugins/continuous-announcement-scroller/continuous-announcement-scrollerc1f9.js]
[www.eptc.church/wp-includes/js/jquery/jqueryc1d8.js]
[www.eptc.church/wp-includes/js/jquery/jquery-migrate.min1576.js]
[www.eptc.church/wp-content/themes/realchurch-v1-06/javascript/jquery.fitvids5152.js]
[www.eptc.church/xmlrpc0db0.php]
[www.eptc.church/wp-includes/wlwmanifest.xml]
[www.eptc.church/wp-json/index.html]
[www.eptc.church/wp-content/uploads/2015/08/eptclogo1.png]
[www.eptc.church/wp-content/uploads/2013/04/slider-1.jpg]
[www.eptc.church/wp-content/uploads/2015/09/IMG-20150722-WA0031.jpg]
[www.eptc.church/wp-content/uploads/2015/12/DSC03361__.jpg]
[www.eptc.church/wp-content/uploads/2015/12/DSC03372__.jpg]
[www.eptc.church/wp-content/uploads/2015/12/DSC03370__.jpg]
[www.eptc.church/wp-content/uploads/2015/12/DSC03390__.jpg]
[www.eptc.church/wp-content/uploads/2012/01/DSC03376-1.jpg]
[www.eptc.church/wp-content/plugins/contact-form-7/includes/js/jquery.form.mind03d.js]
[www.eptc.church/wp-content/plugins/contact-form-7/includes/js/scriptseb11.js]
[www.eptc.church/wp-content/themes/realchurch-v1-06/javascript/superfish5152.js]
[www.eptc.church/wp-content/themes/realchurch-v1-06/javascript/supersub5152.js]
[www.eptc.church/wp-content/themes/realchurch-v1-06/javascript/hoverIntent5152.js]
[www.eptc.church/wp-content/themes/realchurch-v1-06/javascript/jquery.transit.min5152.js]
[www.eptc.church/wp-content/themes/realchurch-v1-06/javascript/jquery.easing5152.js]
[www.eptc.church/wp-content/themes/realchurch-v1-06/javascript/jquery.fancybox5152.js]
[www.eptc.church/wp-content/themes/realchurch-v1-06/javascript/jquery.fancybox-media5152.js]
[www.eptc.church/wp-content/themes/realchurch-v1-06/javascript/jquery.fancybox-thumbs5152.js]
[www.eptc.church/wp-content/themes/realchurch-v1-06/javascript/jquery.nivo.slider5152.js]
[www.eptc.church/wp-content/themes/realchurch-v1-06/javascript/gdl-scripts5152.js]
[www.eptc.church/wp-includes/js/wp-embed.minc1f9.js]
[www.eptc.church/index.html]
[www.eptc.church/wp-content/themes/realchurch-v1-06/images/button-shadow.png]
[www.eptc.church/wp-content/themes/realchurch-v1-06/images/loading.gif]
[www.eptc.church/wp-content/themes/realchurch-v1-06/images/default-header-background.jpg]
[www.eptc.church/wp-content/themes/realchurch-v1-06/images/content-shadow.png]
[www.eptc.church/wp-content/themes/realchurch-v1-06/images/top-slider-nav-left.png]
[www.eptc.church/wp-content/themes/realchurch-v1-06/images/top-slider-nav-right.png]
[www.eptc.church/wp-content/themes/realchurch-v1-06/images/price-active.png]
[www.eptc.church/wp-content/themes/realchurch-v1-06/images/icon/light/top-search.png]
[www.eptc.church/wp-content/themes/realchurch-v1-06/images/image-overlay-link.png]
[www.eptc.church/wp-content/themes/realchurch-v1-06/images/image-overlay-video.png]
[www.eptc.church/wp-content/themes/realchurch-v1-06/images/image-overlay.png]
[www.eptc.church/wp-content/themes/realchurch-v1-06/images/upcoming-event.png]
[www.eptc.church/wp-content/themes/realchurch-v1-06/images/icon/light/top-search@2x.png]
[www.eptc.church/wp-content/themes/realchurch-v1-06/images/image-overlay-link@2x.png]
[www.eptc.church/wp-content/themes/realchurch-v1-06/images/image-overlay-video@2x.png]
[www.eptc.church/wp-content/themes/realchurch-v1-06/images/image-overlay@2x.png]
[www.eptc.church/wp-content/themes/realchurch-v1-06/images/upcoming-event@2x.png]
[www.eptc.church/wp-content/themes/realchurch-v1-06/images/audio-play.png]
[www.eptc.church/wp-content/themes/realchurch-v1-06/images/audio-pause.png]
[www.eptc.church/wp-content/themes/realchurch-v1-06/images/audio-sound.png]
[www.eptc.church/wp-content/themes/realchurch-v1-06/stylec1f9.css]
[www.eptc.church/wp-content/themes/realchurch-v1-06/stylesheet/foundation-responsivec1f9.css]
[www.eptc.church/wp-content/themes/realchurch-v1-06/images/icon/dark/accordion-title-active.png]
[www.eptc.church/wp-content/themes/realchurch-v1-06/images/icon/dark/accordion-title.png]
[www.eptc.church/wp-content/themes/realchurch-v1-06/images/icon/dark/testimonial-quote.png]
[www.eptc.church/wp-content/themes/realchurch-v1-06/images/icon/dark/nav-left.png]
[www.eptc.church/wp-content/themes/realchurch-v1-06/images/icon/dark/nav-right.png]
[www.eptc.church/wp-content/themes/realchurch-v1-06/images/icon/dark/accordion-title-active@2x.png]
[www.eptc.church/wp-content/themes/realchurch-v1-06/images/icon/dark/accordion-title@2x.png]
[www.eptc.church/wp-content/themes/realchurch-v1-06/images/icon/dark/testimonial-quote@2x.png]
[www.eptc.church/wp-content/themes/realchurch-v1-06/images/icon/dark/nav-left@2x.png]
[www.eptc.church/wp-content/themes/realchurch-v1-06/images/icon/dark/nav-right@2x.png]
[www.eptc.church/wp-content/themes/realchurch-v1-06/images/icon/dark/personnal-widget-left.png]
[www.eptc.church/wp-content/themes/realchurch-v1-06/images/icon/dark/personnal-widget-right.png]
[www.eptc.church/wp-content/themes/realchurch-v1-06/images/icon/dark/search-button.png]
[www.eptc.church/wp-content/themes/realchurch-v1-06/images/icon/dark/li-arrow.png]
[www.eptc.church/wp-content/themes/realchurch-v1-06/images/icon/light/li-arrow.png]
[www.eptc.church/wp-content/themes/realchurch-v1-06/images/icon/light/search-button.png]
[www.eptc.church/wp-content/themes/realchurch-v1-06/images/icon/light/personnal-widget-left.png]
[www.eptc.church/wp-content/themes/realchurch-v1-06/images/icon/light/personnal-widget-right.png]
[www.eptc.church/wp-content/themes/realchurch-v1-06/images/icon/light/copyright-back-to-top.png]
[www.eptc.church/wp-content/themes/realchurch-v1-06/images/icon/light/nav-left.png]
[www.eptc.church/wp-content/themes/realchurch-v1-06/images/icon/light/nav-right.png]
[www.eptc.church/wp-content/themes/realchurch-v1-06/images/icon/light/copyright-back-to-top@2x.png]
[www.eptc.church/wp-content/themes/realchurch-v1-06/images/icon/light/nav-left@2x.png]
[www.eptc.church/wp-content/themes/realchurch-v1-06/images/icon/light/nav-right@2x.png]
[www.eptc.church/wp-content/themes/realchurch-v1-06/style-customc1f9.css]
[www.eptc.church/wp-content/plugins/contact-form-7/includes/css/styleseb11.css]
[www.eptc.church/wp-content/plugins/easy-table/themes/default/stylef24c.css]
[www.eptc.church/wp-content/themes/realchurch-v1-06/stylesheet/superfishc1f9.css]
[www.eptc.church/wp-content/themes/realchurch-v1-06/images/fancybox/fancybox_sprite.png]
[www.eptc.church/wp-content/themes/realchurch-v1-06/images/fancybox/fancybox_loading.gif]
[www.eptc.church/wp-content/themes/realchurch-v1-06/images/fancybox/blank.gif]
[www.eptc.church/wp-content/themes/realchurch-v1-06/images/fancybox/fancybox_overlay.png]
[www.eptc.church/wp-content/themes/realchurch-v1-06/images/fancybox/fancybox_sprite@2x.png]
[www.eptc.church/wp-content/themes/realchurch-v1-06/images/fancybox/fancybox_loading@2x.gif]
[www.eptc.church/wp-content/themes/realchurch-v1-06/stylesheet/fancyboxc1f9.css]
[www.eptc.church/wp-content/themes/realchurch-v1-06/stylesheet/jquery.fancybox-thumbsc1f9.css]
[www.eptc.church/wp-content/themes/realchurch-v1-06/stylesheet/font-awesome/fontawesome-webfont3294.eot]
[www.eptc.church/wp-content/themes/realchurch-v1-06/stylesheet/font-awesome/fontawesome-webfontd41d.eot]
[www.eptc.church/wp-content/themes/realchurch-v1-06/stylesheet/font-awesome/fontawesome-webfont3294.woff]
[www.eptc.church/wp-content/themes/realchurch-v1-06/stylesheet/font-awesome/fontawesome-webfont3294.ttf]
[www.eptc.church/wp-content/themes/realchurch-v1-06/stylesheet/font-awesome/font-awesomec1f9.css]
[www.eptc.church/wp-content/themes/realchurch-v1-06/images/nivo-slider/loading.gif]
[www.eptc.church/wp-content/themes/realchurch-v1-06/images/nivo-slider/bg_direction_nav_custom.png]
[www.eptc.church/wp-content/themes/realchurch-v1-06/images/slider-bullet-bg.png]
[www.eptc.church/wp-content/themes/realchurch-v1-06/stylesheet/nivo-sliderc1f9.css]
[www.eptc.church/wp-json/oembed/1.0/embed031a.json]
[www.eptc.church/wp-json/oembed/1.0/embed5074]
[www.eptc.church/who-we-are-2/index.html]
[www.eptc.church/wp-json/oembed/1.0/embeda113.json]
[www.eptc.church/wp-json/oembed/1.0/embedc580]
[www.eptc.church/timings/index.html]
[www.eptc.church/wp-json/oembed/1.0/embed32d2.json]
[www.eptc.church/wp-json/oembed/1.0/embedc9f6]
[www.eptc.church/office-bearers-for-the-biennium-2015-2017/index.html]
[www.eptc.church/wp-json/oembed/1.0/embedb5c7.json]
[www.eptc.church/wp-json/oembed/1.0/embedd913]
[www.eptc.church/pastorate-committee/index.html]
[www.eptc.church/wp-json/oembed/1.0/embed5b26.json]
[www.eptc.church/wp-json/oembed/1.0/embed27c3]
[www.eptc.church/church-office/index.html]
[www.eptc.church/wp-json/oembed/1.0/embedcd99.json]
[www.eptc.church/wp-json/oembed/1.0/embedf36c]
[www.eptc.church/womens-fellowship/index.html]
[www.eptc.church/wp-json/oembed/1.0/embed7448.json]
[www.eptc.church/wp-json/oembed/1.0/embed695b]
[www.eptc.church/youth-committee/index.html]
[www.eptc.church/wp-json/oembed/1.0/embed4350.json]
[www.eptc.church/wp-json/oembed/1.0/embedf4b2]
[www.eptc.church/sunday-school/index.html]
[www.eptc.church/wp-json/oembed/1.0/embedaf28.json]
[www.eptc.church/wp-json/oembed/1.0/embed3f35]
[www.eptc.church/activities/index.html]
[www.eptc.church/wp-json/oembed/1.0/embed9b6a.json]
[www.eptc.church/wp-json/oembed/1.0/embedd52f]
[www.eptc.church/wp-content/uploads/2015/12/531281_10151873078670461_1638603638_n.jpg]
[www.eptc.church/wp-content/uploads/2015/12/531281_10151873078670461_1638603638_n-400x400.jpg]
[www.eptc.church/wp-content/uploads/2015/12/524276_3173792948674_1111430869_n.jpg]
[www.eptc.church/wp-content/uploads/2015/12/524276_3173792948674_1111430869_n-400x400.jpg]
[www.eptc.church/wp-content/uploads/2015/12/427362_10150525392033026_1736833496_n.jpg]
[www.eptc.church/wp-content/uploads/2015/12/427362_10150525392033026_1736833496_n-400x400.jpg]
[www.eptc.church/wp-content/uploads/2015/12/424080_10150525401198026_138454854_n.jpg]
[www.eptc.church/wp-content/uploads/2015/12/424080_10150525401198026_138454854_n-400x400.jpg]
[www.eptc.church/wp-content/uploads/2015/12/421387_10150525419928026_1945781489_n.jpg]
[www.eptc.church/wp-content/uploads/2015/12/421387_10150525419928026_1945781489_n-400x400.jpg]
[www.eptc.church/wp-content/uploads/2015/12/417658_10150525416808026_550114076_n.jpg]
[www.eptc.church/wp-content/uploads/2015/12/417658_10150525416808026_550114076_n-400x400.jpg]
[www.eptc.church/wp-content/uploads/2015/12/408842_10150525418098026_891002430_n.jpg]
[www.eptc.church/wp-content/uploads/2015/12/408842_10150525418098026_891002430_n-400x400.jpg]
[www.eptc.church/wp-content/uploads/2015/12/406021_10150931474118026_794935710_n.jpg]
[www.eptc.church/wp-content/uploads/2015/12/406021_10150931474118026_794935710_n-400x400.jpg]
[www.eptc.church/wp-content/uploads/2015/12/405989_10150954885983026_1827350751_n.jpg]
[www.eptc.church/wp-content/uploads/2015/12/405989_10150954885983026_1827350751_n-400x400.jpg]
[www.eptc.church/wp-content/uploads/2015/12/403526_3173808629066_1314892959_n.jpg]
[www.eptc.church/wp-content/uploads/2015/12/403526_3173808629066_1314892959_n-400x400.jpg]
[www.eptc.church/wp-content/uploads/2015/12/395069_448395871872794_339524873_n.jpg]
[www.eptc.church/wp-content/uploads/2015/12/395069_448395871872794_339524873_n-400x400.jpg]
[www.eptc.church/wp-content/uploads/2015/12/391280_3413206173855_1498404342_n.jpg]
[www.eptc.church/wp-content/uploads/2015/12/391280_3413206173855_1498404342_n-400x400.jpg]
[www.eptc.church/wp-content/uploads/2015/12/382396_10150931451453026_1301890248_n.jpg]
[www.eptc.church/wp-content/uploads/2015/12/382396_10150931451453026_1301890248_n-400x400.jpg]
[www.eptc.church/wp-content/uploads/2015/12/314092_10151873060130461_748937825_n.jpg]
[www.eptc.church/wp-content/uploads/2015/12/314092_10151873060130461_748937825_n-400x400.jpg]
[www.eptc.church/wp-content/uploads/2015/12/306135_10151727095870461_189392578_n.jpg]
[www.eptc.church/wp-content/uploads/2015/12/306135_10151727095870461_189392578_n-400x400.jpg]
[www.eptc.church/wp-content/uploads/2015/12/292673_10151752643205461_711662920_n.jpg]
[www.eptc.church/wp-content/uploads/2015/12/292673_10151752643205461_711662920_n-400x400.jpg]
[www.eptc.church/wp-content/uploads/2015/12/292101_10151727101680461_1216313030_n.jpg]
[www.eptc.church/wp-content/uploads/2015/12/292101_10151727101680461_1216313030_n-400x400.jpg]
[www.eptc.church/wp-content/uploads/2015/12/190079_1648425655445_5091058_n.jpg]
[www.eptc.church/wp-content/uploads/2015/12/190079_1648425655445_5091058_n-400x400.jpg]
[www.eptc.church/wp-content/uploads/2015/12/189509_1648431575593_3381541_n.jpg]
[www.eptc.church/wp-content/uploads/2015/12/189509_1648431575593_3381541_n-400x400.jpg]
[www.eptc.church/wp-content/uploads/2015/12/185901_1648422775373_2858745_n.jpg]
[www.eptc.church/wp-content/uploads/2015/12/185901_1648422775373_2858745_n-400x400.jpg]
[www.eptc.church/wp-content/uploads/2015/12/169080_1610733073154_7445315_n.jpg]
[www.eptc.church/wp-content/uploads/2015/12/169080_1610733073154_7445315_n-400x400.jpg]
[www.eptc.church/wp-content/uploads/2015/12/163729_1610720912850_2832249_n.jpg]
[www.eptc.church/wp-content/uploads/2015/12/163729_1610720912850_2832249_n-400x400.jpg]
[www.eptc.church/wp-content/uploads/2015/12/8X12.jpg]
[www.eptc.church/wp-content/uploads/2015/12/8X12-400x400.jpg]
[www.eptc.church/wp-content/uploads/2015/12/8X12-TO-PRINT.jpg]
[www.eptc.church/wp-content/uploads/2015/12/8X12-TO-PRINT-400x400.jpg]
[www.eptc.church/wp-content/uploads/2015/12/DSC06075.jpg]
[www.eptc.church/wp-content/uploads/2015/12/DSC06075-400x400.jpg]
[www.eptc.church/wp-content/uploads/2015/12/DSC06205.jpg]
[www.eptc.church/wp-content/uploads/2015/12/DSC06205-400x400.jpg]
[www.eptc.church/wp-content/uploads/2015/12/DSC01651.jpg]
[www.eptc.church/wp-content/uploads/2015/12/DSC01651-400x400.jpg]
[www.eptc.church/wp-content/uploads/2015/12/DSC01627.jpg]
[www.eptc.church/wp-content/uploads/2015/12/DSC01627-400x400.jpg]
[www.eptc.church/wp-content/uploads/2015/12/DSC00876.jpg]
[www.eptc.church/wp-content/uploads/2015/12/DSC00876-400x400.jpg]
[www.eptc.church/wp-content/uploads/2015/12/DSC00847.jpg]
[www.eptc.church/wp-content/uploads/2015/12/DSC00847-400x400.jpg]
[www.eptc.church/wp-content/uploads/2015/12/DSC00844.jpg]
[www.eptc.church/wp-content/uploads/2015/12/DSC00844-400x400.jpg]
[www.eptc.church/wp-content/uploads/2015/12/Image071.jpg]
[www.eptc.church/wp-content/uploads/2015/12/Image071-400x400.jpg]
[www.eptc.church/youth-fellowship/index.html]
[www.eptc.church/wp-json/oembed/1.0/embeda188.json]
[www.eptc.church/wp-json/oembed/1.0/embed25f4]
[www.eptc.church/wp-content/uploads/2015/12/ex3.jpg]
[www.eptc.church/wp-content/uploads/2015/12/ex3-400x400.jpg]
[www.eptc.church/wp-content/uploads/2015/12/ex2.jpg]
[www.eptc.church/wp-content/uploads/2015/12/ex2-400x400.jpg]
[www.eptc.church/wp-content/uploads/2015/12/ex1.jpg]
[www.eptc.church/wp-content/uploads/2015/12/ex1-400x400.jpg]
[www.eptc.church/wp-content/uploads/2015/12/DSC00936.jpg]
[www.eptc.church/wp-content/uploads/2015/12/DSC00936-400x400.jpg]
[www.eptc.church/wp-content/uploads/2015/12/IMG_20151206_100651.jpg]
[www.eptc.church/wp-content/uploads/2015/12/IMG_20151206_100651-400x400.jpg]
[www.eptc.church/wp-content/uploads/2015/12/Picture14.jpg]
[www.eptc.church/wp-content/uploads/2015/12/Picture14-400x400.jpg]
[www.eptc.church/wp-content/uploads/2015/12/Picture13.jpg]
[www.eptc.church/wp-content/uploads/2015/12/Picture13-400x400.jpg]
[www.eptc.church/wp-content/uploads/2015/12/Picture12.jpg]
[www.eptc.church/wp-content/uploads/2015/12/Picture12-400x400.jpg]
[www.eptc.church/wp-content/uploads/2015/12/Picture11.jpg]
[www.eptc.church/wp-content/uploads/2015/12/Picture11-400x400.jpg]
[www.eptc.church/wp-content/uploads/2015/12/Picture10.jpg]
[www.eptc.church/wp-content/uploads/2015/12/Picture10-400x400.jpg]
[www.eptc.church/wp-content/uploads/2015/12/Picture9.jpg]
[www.eptc.church/wp-content/uploads/2015/12/Picture9-400x400.jpg]
[www.eptc.church/wp-content/uploads/2015/12/Picture8.jpg]
[www.eptc.church/wp-content/uploads/2015/12/Picture8-400x400.jpg]
[www.eptc.church/wp-content/uploads/2015/12/Picture5.jpg]
[www.eptc.church/wp-content/uploads/2015/12/Picture5-400x400.jpg]
[www.eptc.church/wp-content/uploads/2015/12/Picture4.jpg]
[www.eptc.church/wp-content/uploads/2015/12/Picture4-400x400.jpg]
[www.eptc.church/wp-content/uploads/2015/12/Picture3.jpg]
[www.eptc.church/wp-content/uploads/2015/12/Picture3-400x400.jpg]
[www.eptc.church/sunday-school-2/index.html]
[www.eptc.church/wp-json/oembed/1.0/embed4466.json]
[www.eptc.church/wp-json/oembed/1.0/embed09a3]
[www.eptc.church/wp-content/uploads/2015/12/c.jpg]
[www.eptc.church/wp-content/uploads/2015/12/c-400x400.jpg]
[www.eptc.church/wp-content/uploads/2015/12/a.jpg]
[www.eptc.church/wp-content/uploads/2015/12/a-400x400.jpg]
[www.eptc.church/general-events/index.html]
[www.eptc.church/wp-json/oembed/1.0/embed2076.json]
[www.eptc.church/wp-json/oembed/1.0/embed994d]
[www.eptc.church/wp-content/uploads/2015/12/b.jpg]
[www.eptc.church/wp-content/uploads/2015/12/b-400x400.jpg]
[www.eptc.church/womens-fellowship-2/index.html]
[www.eptc.church/wp-json/oembed/1.0/embedb84f.json]
[www.eptc.church/wp-json/oembed/1.0/embed3c74]
[www.eptc.church/pastorate-committee-2/index.html]
[www.eptc.church/wp-json/oembed/1.0/embedb3dc.json]
[www.eptc.church/wp-json/oembed/1.0/embedbfda]
[www.eptc.church/bajana-group/index.html]
[www.eptc.church/wp-json/oembed/1.0/embed181b.json]
[www.eptc.church/wp-json/oembed/1.0/embedeea0]
[www.eptc.church/wp-content/uploads/2015/12/IMG_20151206_101624.jpg]
[www.eptc.church/wp-content/uploads/2015/12/IMG_20151206_101624-400x400.jpg]
[www.eptc.church/snacks-stall/index.html]
[www.eptc.church/wp-json/oembed/1.0/embedd6fb.json]
[www.eptc.church/wp-json/oembed/1.0/embedeae2]
[www.eptc.church/wp-content/uploads/2016/02/newsletter.pdf]
[www.eptc.church/news-letter/index.html]
[www.eptc.church/wp-json/oembed/1.0/embed3588.json]
[www.eptc.church/wp-json/oembed/1.0/embed0119]
[www.eptc.church/daily-reading/index.html]
[www.eptc.church/wp-json/oembed/1.0/embedd750.json]
[www.eptc.church/wp-json/oembed/1.0/embedb1f3]
[www.google.com/recaptcha/apiae20.js]
[www.eptc.church/contact-us/index.html]
[www.eptc.church/wp-content/uploads/2015/09/IMG-20150722-WA0031.jpg]
[www.eptc.church/wp-content/themes/realchurch-v1-06/images/default-header-background.jpg]
[www.eptc.church/wp-content/themes/realchurch-v1-06/images/icon/light/carousel-nav-left.html]
[www.eptc.church/wp-content/themes/realchurch-v1-06/images/icon/light/carousel-nav-right.html]
[www.eptc.church/wp-content/plugins/easy-table/images/bg.gif]
[www.eptc.church/wp-content/plugins/easy-table/images/asc.gif]
[www.eptc.church/wp-content/plugins/easy-table/images/desc.gif]
[www.eptc.church/wp-content/plugins/easy-table/css/easy-table.css]
[www.eptc.church/index41aa.html]
[www.eptc.church/indexc67b.html]
[www.eptc.church/index55c0.html]
[www.eptc.church/index5ae5.html]
[www.eptc.church/indexf053.html]
[www.eptc.church/index0618.html]
[www.eptc.church/index28bb.html]
[www.eptc.church/index0a0b.html]
[www.eptc.church/index59b6.html]
[www.eptc.church/indexb913.html]
[www.eptc.church/wp-content/uploads/2015/12/8X12.jpg]
[www.eptc.church/wp-content/uploads/2015/12/8X12-TO-PRINT.jpg]
[www.eptc.church/wp-content/uploads/2015/12/DSC06075.jpg]
[www.eptc.church/wp-content/uploads/2015/12/DSC06205.jpg]
[www.eptc.church/wp-content/uploads/2015/12/DSC01651.jpg]
[www.eptc.church/wp-content/uploads/2015/12/DSC01627.jpg]
[www.eptc.church/wp-content/uploads/2015/12/DSC00876.jpg]
[www.eptc.church/wp-content/uploads/2015/12/DSC00847.jpg]
[www.eptc.church/wp-content/uploads/2015/12/DSC00844.jpg]
[www.eptc.church/index9934.html]
[www.eptc.church/wp-content/uploads/2015/12/ex1.jpg]
[www.eptc.church/wp-content/uploads/2015/12/DSC00936.jpg]
[www.eptc.church/wp-content/uploads/2015/12/IMG_20151206_100651.jpg]
[www.eptc.church/index9ec0.html]
[www.eptc.church/index7dfd.html]
[www.eptc.church/index9a40.html]
[www.eptc.church/indexc8ec.html]
[www.eptc.church/indexf224.html]
[www.eptc.church/wp-content/uploads/2015/12/IMG_20151206_101624.jpg]
[www.eptc.church/indexa7d0.html]
[www.eptc.church/wp-content/uploads/2016/02/newsletter.pdf]
[www.eptc.church/index69e6.html]
[www.eptc.church/indexf0cc.html]
[www.eptc.church/wp-content/uploads/2015/09/IMG-20150722-WA0031.jpg]
[www.eptc.church/wp-content/themes/realchurch-v1-06/images/default-header-background.jpg]
[www.eptc.church/wp-content/uploads/2015/12/8X12.jpg]
[www.eptc.church/wp-content/uploads/2015/12/8X12-TO-PRINT.jpg]
[www.eptc.church/wp-content/uploads/2015/12/DSC06075.jpg]
[www.eptc.church/wp-content/uploads/2015/12/DSC06205.jpg]
[www.eptc.church/wp-content/uploads/2015/12/DSC01651.jpg]
[www.eptc.church/wp-content/uploads/2015/12/DSC01627.jpg]
[www.eptc.church/wp-content/uploads/2015/12/DSC00876.jpg]
[www.eptc.church/wp-content/uploads/2015/12/DSC00847.jpg]
[www.eptc.church/wp-content/uploads/2015/12/DSC00844.jpg]
[www.eptc.church/wp-content/uploads/2015/12/DSC00936.jpg]
[www.eptc.church/wp-content/uploads/2016/02/newsletter.pdf]
